
> eleveai---agência-digital-estratégica@0.0.0 build
> vite build

[36mvite v6.4.1 [32mbuilding for production...[36m[39m

/index.css doesn't exist at build time, it will remain unchanged to be resolved at runtime
transforming...
[32m✓[39m 2101 modules transformed.
rendering chunks...
computing gzip size...
[2mdist/[22m[32mindex.html                 [39m[1m[2m  5.57 kB[22m[1m[22m[2m │ gzip:  2.12 kB[22m
[2mdist/[22m[36massets/vendor-CBiQuPCA.js  [39m[1m[2m  3.89 kB[22m[1m[22m[2m │ gzip:  1.52 kB[22m
[2mdist/[22m[36massets/ui-CImAqfp9.js      [39m[1m[2m  7.74 kB[22m[1m[22m[2m │ gzip:  1.93 kB[22m
[2mdist/[22m[36massets/framer-BmTzFQgq.js  [39m[1m[2m137.15 kB[22m[1m[22m[2m │ gzip: 45.76 kB[22m
[2mdist/[22m[36massets/index-BUprTUmd.js   [39m[1m[2m228.64 kB[22m[1m[22m[2m │ gzip: 69.32 kB[22m
[32m✓ built in 4.35s[39m
